// Vitest Snapshot v1

exports[`PrefecturesSelect > Snapshot 1`] = `
<ul
  class="ui-checkboxes"
  data-v-4ad4a939=""
>
  
  <li
    data-v-4ad4a939=""
  >
    <div
      class="ui-checkbox"
      data-v-2d44444b=""
      data-v-4ad4a939=""
    >
      <label
        data-v-2d44444b=""
      >
        <input
          data-v-2d44444b=""
          type="checkbox"
        />
        <div
          class="ui-checkbox-box"
          data-v-2d44444b=""
        >
          <i
            class="fa-solid fa-check"
            data-v-2d44444b=""
          />
        </div>
        <span
          data-v-2d44444b=""
        >
          北海道
        </span>
      </label>
    </div>
  </li>
  <li
    data-v-4ad4a939=""
  >
    <div
      class="ui-checkbox"
      data-v-2d44444b=""
      data-v-4ad4a939=""
    >
      <label
        data-v-2d44444b=""
      >
        <input
          data-v-2d44444b=""
          type="checkbox"
        />
        <div
          class="ui-checkbox-box"
          data-v-2d44444b=""
        >
          <i
            class="fa-solid fa-check"
            data-v-2d44444b=""
          />
        </div>
        <span
          data-v-2d44444b=""
        >
          青森県
        </span>
      </label>
    </div>
  </li>
  <li
    data-v-4ad4a939=""
  >
    <div
      class="ui-checkbox"
      data-v-2d44444b=""
      data-v-4ad4a939=""
    >
      <label
        data-v-2d44444b=""
      >
        <input
          data-v-2d44444b=""
          type="checkbox"
        />
        <div
          class="ui-checkbox-box"
          data-v-2d44444b=""
        >
          <i
            class="fa-solid fa-check"
            data-v-2d44444b=""
          />
        </div>
        <span
          data-v-2d44444b=""
        >
          岩手県
        </span>
      </label>
    </div>
  </li>
  <li
    data-v-4ad4a939=""
  >
    <div
      class="ui-checkbox"
      data-v-2d44444b=""
      data-v-4ad4a939=""
    >
      <label
        data-v-2d44444b=""
      >
        <input
          data-v-2d44444b=""
          type="checkbox"
        />
        <div
          class="ui-checkbox-box"
          data-v-2d44444b=""
        >
          <i
            class="fa-solid fa-check"
            data-v-2d44444b=""
          />
        </div>
        <span
          data-v-2d44444b=""
        >
          宮城県
        </span>
      </label>
    </div>
  </li>
  <li
    data-v-4ad4a939=""
  >
    <div
      class="ui-checkbox"
      data-v-2d44444b=""
      data-v-4ad4a939=""
    >
      <label
        data-v-2d44444b=""
      >
        <input
          data-v-2d44444b=""
          type="checkbox"
        />
        <div
          class="ui-checkbox-box"
          data-v-2d44444b=""
        >
          <i
            class="fa-solid fa-check"
            data-v-2d44444b=""
          />
        </div>
        <span
          data-v-2d44444b=""
        >
          秋田県
        </span>
      </label>
    </div>
  </li>
  <li
    data-v-4ad4a939=""
  >
    <div
      class="ui-checkbox"
      data-v-2d44444b=""
      data-v-4ad4a939=""
    >
      <label
        data-v-2d44444b=""
      >
        <input
          data-v-2d44444b=""
          type="checkbox"
        />
        <div
          class="ui-checkbox-box"
          data-v-2d44444b=""
        >
          <i
            class="fa-solid fa-check"
            data-v-2d44444b=""
          />
        </div>
        <span
          data-v-2d44444b=""
        >
          山形県
        </span>
      </label>
    </div>
  </li>
  
</ul>
`;
